
> portfolio@0.0.0 prebuild
> npm run generate-history


> portfolio@0.0.0 generate-history
> node scripts/generate-history.js

[Success] Generated history_auto.js with 10 items.

> portfolio@0.0.0 build
> vite build

[36mvite v7.2.7 [32mbuilding client environment for production...[36m[39m
transforming...
[32m??[39m 54 modules transformed.
node.exe : [31m??[39m Build failed in 563ms
위치 C:\Users\yesol\.gemini\tools\node22\node-v22.12.0-w
in-x64\npm.ps1:29 문자:3
+   & $NODE_EXE $NPM_CLI_JS $args
+   ~~~~~~~~~~~~~~~~~~~~~~~~~~~~~
    + CategoryInfo          : NotSpecified: ([31m??[ 
   39m Build failed in 563ms:String) [], RemoteExcep  
  tion
    + FullyQualifiedErrorId : NativeCommandError
 
[31merror during build:
[31m[vite:esbuild] Transform failed with 1 error:
D:/test/portfolio/src/components/effects/CinematicEffe
cts.jsx:72:0: ERROR: Unexpected "}"[31m
file: [36mD:/test/portfolio/src/components/effects/Ci
nematicEffects.jsx:72:0[31m
[33m
[33mUnexpected "}"[33m
70 |      </BloomErrorBoundary>
71 |  );
72 |  };
   |  ^
73 |  
74 |  export default CinematicEffects;
[31m
    at failureErrorWithLog (D:\test\portfolio\node_mod
ules\esbuild\lib\main.js:1467:15)
    at D:\test\portfolio\node_modules\esbuild\lib\main
.js:736:50
    at responseCallbacks.<computed> (D:\test\portfolio
\node_modules\esbuild\lib\main.js:603:9)
    at handleIncomingPacket (D:\test\portfolio\node_mo
dules\esbuild\lib\main.js:658:12)
    at Socket.readFromStdout (D:\test\portfolio\node_m
odules\esbuild\lib\main.js:581:7)
    at Socket.emit (node:events:524:28)
    at addChunk (node:internal/streams/readable:561:12
)
    at readableAddChunkPushByteMode (node:internal/str
eams/readable:512:3)
    at Readable.push (node:internal/streams/readable:3
92:5)
    at Pipe.onStreamRead (node:internal/stream_base_co
mmons:189:23)[39m
